
===== certificates/publication/band_law/verify_band_law_ceiling.py =====
V1: ceil((397-19j)/23) = certified band minimum r_min(j) for all j = 0..21 (caps 4, 10, 15, 21 reproduced): PASS
V2: for j >= 16, minimal digit 21-j exceeds the top odd digit 20-j: forbidden odd triangle forced: PASS
V3: exact adjoints satisfy ord_q(a_j) >= ceil((397-19j)/23) for all j, with equality attained: PASS
M23_BAND_LAW_NUMERIC_PASS

===== certificates/publication/exact_closure/cert1_forbidden_triangle_lattice.py =====
L1: 484 slots = 253 even + 231 odd: PASS
L2: forbidden odd triangle {k odd, j>=16}: 15 slots, staircase (33,1)(35,2)(37,3)(39,4)(41,5): PASS  [pure lattice geometry]
L3: q-pair space 469 = 253 + 216; law r>=18-j allows 130: PASS
L4: seven-band law: 86 slots, counts (5,11,16,22|5,11,16), all within r>=18-j: PASS
M23_PATCH_CERT1_PASS

===== certificates/publication/exact_closure/cert2_exact_adjoints_band_law.py =====
H1 A: deg_v = 21 <= 21, deg_t = 6 <= 6: PASS
H1 B: seven-band caps (4,10,15,21|4,10,15): PASS (max |coeff| = 49 digits)
H1 C: polynomial u-form, deg_t a_j = 42-2j exactly (top degrees [42,40,...,0]): PASS
H1 D: all 15 forbidden odd-triangle slots vanish; 463/484 nonzero (6 incidental zeros beyond the triangle): PASS
H2 A: deg_v = 21 <= 21, deg_t = 6 <= 6: PASS
H2 B: seven-band caps (4,10,15,21|4,10,15): PASS (max |coeff| = 48 digits)
H2 C: polynomial u-form, deg_t a_j = 42-2j exactly (top degrees [42,40,...,0]): PASS
H2 D: all 15 forbidden odd-triangle slots vanish; 469/484 nonzero (0 incidental zeros beyond the triangle): PASS
M23_PATCH_CERT2_PASS

===== certificates/publication/frame_transition/verify_exact_frame_transition.py =====
M23_EXACT_FRAME_TRANSITION_V94_BEGIN
B23_DIVISIBLE_BY_Q = true
GOODFRAME_FIRST_JET_RANK = 2
TRANSITION_MATRIX_PRIMITIVE = 9718693045169819066743297673119834593216940257793791469450716674784281955364438129650853737742920699321709602869946773855648462960671465803746362291 -25607140774189876405011391164460402180010842849857578359577201920481910333070041823933541055695259371502159329254283014074287086838246924062024439177 23380786748882483713100677944737745665112461310228515182066820286347571647601154649357173814190455036747456088825342453561796405215705126133540317815 118541105788627344372465383401963348420558929785051465395703781692834568129664923919806407188391867342746663258644336405504686522926958463000828766955
TRANSITION_MATRIX_DIGITS = 148 149 149 150
TRANSITION_DETERMINANT_NONZERO = true
W_EQUALS = (A*Z+B)/(C*Z+D)
FULL_TABLE_PRIME_COUNT = 22
FULL_TABLE_PRIMES = [31, 1000003, 1008001, 1022201, 1028201, 1035301, 1043401, 1055501, 1074701, 1117111, 1123211, 1126211, 1160611, 100050001, 100161001, 1183811, 1193911, 1163611, 100202057, 100207139, 100208161, 1013]
FULL_120_COEFFICIENT_PROJECTIVE_MATCH_ALL = true
EXACT_SYMMETRIC_TERM_COUNT = 120
EXACT_SYMMETRIC_MAX_COEFFICIENT_DIGITS = 3292
EXACT_SYMMETRIC_TABLE_SHA256 = da9a09c0b11d2c9ec8769f7f8e0fed919efce9ce585dda7ead1a675326ac5742
INCLUDES_HELDOUT_1013 = true
INCLUDES_PRIME_100208161 = true
M23_EXACT_FRAME_TRANSITION_V94_PASS

===== certificates/publication/out_of_window_spotcheck/verify_out_of_window_spotcheck.py =====
M23_OUT_OF_WINDOW_SPOTCHECK_BEGIN
p=1000000007 t=987654321 zero=True
p=1000000007 t=555444333 zero=True
p=1000000007 t=271828182 zero=True
p=1000000009 t=987654321 zero=True
p=1000000009 t=555444333 zero=True
p=1000000009 t=271828182 zero=True
p=1000000033 t=987654321 zero=True
p=1000000033 t=555444333 zero=True
p=1000000033 t=271828182 zero=True
TOTAL_SUBCHECKS=9
PROOF_WINDOW=[-485,485]
ALL_TEST_VALUES_OUTSIDE_PROOF_WINDOW=true
M23_OUT_OF_WINDOW_SPOTCHECK_PASS

===== certificates/publication/p31_checks/verify_specialization_units.py =====
U4: input model G monic in u, 22 coefficient polynomials b_j in Z[t] with 198 integer coefficients (p-integral for every p): PASS
p=31: split=True, disc(-92) unit=True, tame(23)=True: PASS
p=1013: split=True, disc(-92) unit=True, tame(23)=True: PASS
p=1000003: split=True, disc(-92) unit=True, tame(23)=True: PASS
p=1008001: split=True, disc(-92) unit=True, tame(23)=True: PASS
p=1022201: split=True, disc(-92) unit=True, tame(23)=True: PASS
p=1028201: split=True, disc(-92) unit=True, tame(23)=True: PASS
p=1035301: split=True, disc(-92) unit=True, tame(23)=True: PASS
p=1043401: split=True, disc(-92) unit=True, tame(23)=True: PASS
p=1055501: split=True, disc(-92) unit=True, tame(23)=True: PASS
p=1074701: split=True, disc(-92) unit=True, tame(23)=True: PASS
p=1117111: split=True, disc(-92) unit=True, tame(23)=True: PASS
p=1123211: split=True, disc(-92) unit=True, tame(23)=True: PASS
p=1126211: split=True, disc(-92) unit=True, tame(23)=True: PASS
p=1160611: split=True, disc(-92) unit=True, tame(23)=True: PASS
p=1163611: split=True, disc(-92) unit=True, tame(23)=True: PASS
p=1183811: split=True, disc(-92) unit=True, tame(23)=True: PASS
p=1193911: split=True, disc(-92) unit=True, tame(23)=True: PASS
p=100050001: split=True, disc(-92) unit=True, tame(23)=True: PASS
p=100161001: split=True, disc(-92) unit=True, tame(23)=True: PASS
p=100202057: split=True, disc(-92) unit=True, tame(23)=True: PASS
p=100207139: split=True, disc(-92) unit=True, tame(23)=True: PASS
p=100208161: split=True, disc(-92) unit=True, tame(23)=True: PASS
U5: p=31 first-jet det = 28 in F_31^x (recomputed): PASS
U5: p=1013 kernel-first jet det = 121 in F_1013^x (recomputed): PASS
All checkable hypotheses of the Specialization Lemma hold at p=31, p=1013, and all 21 training primes.
M23_SPECIALIZATION_UNITS_VERIFY_PASS

===== certificates/publication/ramification/verify_ramification_structure.py =====
p=31: bideg(4,23), pair mult 22, T=0 branch mult 10 [2^8 1^7 (7 smooth double points, 1 node-collided at this small prime)], w*t=1 at ramified pts: PASS
p=1013: bideg(4,23), pair mult 22, T=0 branch mult 8 [2^8 1^7 (all 8 double points smooth)], w*t=1 at ramified pts: PASS
p=1000003: bideg(4,23), pair mult 22, T=0 branch mult 8 [2^8 1^7 (all 8 double points smooth)], w*t=1 at ramified pts: PASS
p=1008001: bideg(4,23), pair mult 22, T=0 branch mult 8 [2^8 1^7 (all 8 double points smooth)], w*t=1 at ramified pts: PASS
p=1022201: bideg(4,23), pair mult 22, T=0 branch mult 8 [2^8 1^7 (all 8 double points smooth)], w*t=1 at ramified pts: PASS
p=1028201: bideg(4,23), pair mult 22, T=0 branch mult 8 [2^8 1^7 (all 8 double points smooth)], w*t=1 at ramified pts: PASS
p=1035301: bideg(4,23), pair mult 22, T=0 branch mult 8 [2^8 1^7 (all 8 double points smooth)], w*t=1 at ramified pts: PASS
p=1043401: bideg(4,23), pair mult 22, T=0 branch mult 8 [2^8 1^7 (all 8 double points smooth)], w*t=1 at ramified pts: PASS
p=1055501: bideg(4,23), pair mult 22, T=0 branch mult 8 [2^8 1^7 (all 8 double points smooth)], w*t=1 at ramified pts: PASS
p=1074701: bideg(4,23), pair mult 22, T=0 branch mult 8 [2^8 1^7 (all 8 double points smooth)], w*t=1 at ramified pts: PASS
p=1117111: bideg(4,23), pair mult 22, T=0 branch mult 8 [2^8 1^7 (all 8 double points smooth)], w*t=1 at ramified pts: PASS
p=1123211: bideg(4,23), pair mult 22, T=0 branch mult 8 [2^8 1^7 (all 8 double points smooth)], w*t=1 at ramified pts: PASS
p=1126211: bideg(4,23), pair mult 22, T=0 branch mult 8 [2^8 1^7 (all 8 double points smooth)], w*t=1 at ramified pts: PASS
p=1160611: bideg(4,23), pair mult 22, T=0 branch mult 8 [2^8 1^7 (all 8 double points smooth)], w*t=1 at ramified pts: PASS
p=1163611: bideg(4,23), pair mult 22, T=0 branch mult 8 [2^8 1^7 (all 8 double points smooth)], w*t=1 at ramified pts: PASS
p=1183811: bideg(4,23), pair mult 22, T=0 branch mult 8 [2^8 1^7 (all 8 double points smooth)], w*t=1 at ramified pts: PASS
p=1193911: bideg(4,23), pair mult 22, T=0 branch mult 8 [2^8 1^7 (all 8 double points smooth)], w*t=1 at ramified pts: PASS
p=100050001: bideg(4,23), pair mult 22, T=0 branch mult 8 [2^8 1^7 (all 8 double points smooth)], w*t=1 at ramified pts: PASS
p=100161001: bideg(4,23), pair mult 22, T=0 branch mult 8 [2^8 1^7 (all 8 double points smooth)], w*t=1 at ramified pts: PASS
p=100202057: bideg(4,23), pair mult 22, T=0 branch mult 8 [2^8 1^7 (all 8 double points smooth)], w*t=1 at ramified pts: PASS
p=100207139: bideg(4,23), pair mult 22, T=0 branch mult 8 [2^8 1^7 (all 8 double points smooth)], w*t=1 at ramified pts: PASS
p=100208161: bideg(4,23), pair mult 22, T=0 branch mult 8 [2^8 1^7 (all 8 double points smooth)], w*t=1 at ramified pts: PASS
CROSS-PRIME: third branch value T=0 and law w(P)*t(P)=1 hold at all 22 primes: PASS
GENUS CONSISTENCY: even residual half-degree = 62 = 66 - 4 at all 22 primes: PASS
M23_RAMIFICATION_STRUCTURE_VERIFY_PASS

===== certificates/publication/virgin_prime_spotcheck/verify_virgin_prime_spotcheck.py =====
M23_VIRGIN_PRIME_SPOTCHECK_BEGIN
PRIME 1511: sqrt(-23) roots = [540, 971]
  t=540: arithmetic 23rd-power PASS; PGL2 wt=1 PASS; symmetric root=305 PASS
  t=971: arithmetic 23rd-power PASS; PGL2 wt=1 PASS; symmetric root=1206 PASS
PRIME 1531: sqrt(-23) roots = [399, 1132]
  t=399: arithmetic 23rd-power PASS; PGL2 wt=1 PASS; symmetric root=848 PASS
  t=1132: arithmetic 23rd-power PASS; PGL2 wt=1 PASS; symmetric root=683 PASS
VIRGIN_PIPELINE_PRIMES = 1511 1531
TOTAL_SUBCHECKS = 12
ARITHMETIC_FIBER_23RD_POWER_ALL = true
PGL2_TWO_POINT_NORMALIZATION_ALL = true
SYMMETRIC_FIBER_23RD_POWER_ALL = true
M23_VIRGIN_PRIME_SPOTCHECK_PASS

M23_PUBLICATION_FACING_CERTIFICATES_PASS
