ROUCHE_ROOT_DISKS 23/23 PASS
ROOT_MODULUS_LT_9 PASS; ROOT_SEPARATION_GT_1_10 PASS
GRADIENT_BOUNDARY [(-2.124004147190134, -1.0672413019829454), (0.6357968996800009, 0.8063036198680865), (-2.2688962389738014, -1.2214025509424313), (0.562586371102566, 0.9522314618890337)]
JULIA_POINT_BOX -1<t<0, 2<u<3 PASS
HUTZ_STOLL_HEIGHT_BOUND cosh< 600000000 => |c|,|d|<= 24494
M23_TRANSLATE_GLOBAL_PASS K0=104 UNIQUE_k=1
COLUMN_SOLUTIONS [(0, 1), (1, 0), (1, 1), (2, 1)]
UNIMODULAR_MATRICES_TESTED 40 EQUAL_MATRICES 8 EQUAL_FORMS 4
M23_SL2_GLOBAL_HEIGHT_PASS
M23_GL2Z_GLOBAL_HEIGHT_PASS
TRIPLE_ROOT_EXCEPTION_GCD = 2^44 * 23^23 PASS
P2_VALUE_VALUATION_ONE_ALL_RESIDUES_MOD4 PASS
P23_UNIQUE_ROOT_CLASS_VALUE_VALUATION_ONE PASS
DISCRIMINANT_HADAMARD_QMAX 76032571 PASS
DETERMINANT_SUPPORT_CUTOFF |det| in {1,2} PASS
DET2_BOTTOM_ROW_BOUND 34641 PASS
DET2_THUE_REGION_REDUCTION PASS
DET2_COLUMN_SOLUTIONS [(-2, 0), (-1, 0), (0, 1), (1, 0), (1, 1), (2, 0), (2, 1)]
DET2_PRIMITIVE_MATRICES_TESTED 32
DET2_MINIMUM_HEIGHT 372261710848
DET2_NO_TIE_OR_IMPROVEMENT PASS
M23_GLOBAL_PGL2Q_HEIGHT_MINIMALITY_PASS
