M23_FINAL_PACKAGE_QA_BEGIN

MANUSCRIPT
PDF_PAGES=21
LATEX_PASSES=2
LATEX_WARNINGS=0
UNDEFINED_REFERENCES=0
OVERFULL_BOXES=0
UNDERFULL_BOXES=0
ARTICLE_LABELS_UNIQUE=PASS
ARTICLE_REFERENCES_RESOLVED=PASS
MANUSCRIPT_PATHS_RESOLVED=21/21
MANUSCRIPT_INTERNAL_VERSION_LABEL=ABSENT
FIRST_PERSON_AUTHOR_NARRATIVE=ABSENT
DRAFT_OR_RELEASE_HISTORY_MARKERS=ABSENT
PDF_OPENABLE=PASS
PDF_ENCRYPTED=NO
PDF_TEXT_NATIVE=PASS
PDF_FONTS_EMBEDDED=PASS
PDF_RENDER_POPPLER=21/21
PDF_RENDER_PDFIUM=21/21
VISUAL_REVIEW=21/21

CERTIFICATE_EXECUTION
FAST_SUITE=PASS
FAST_COMPONENT_MARKERS=18/18
EXACT_SUITE=PASS
EXACT_IDENTITY_ZERO_COUNT=971/971
COMPACTIFIED_FIBER_MATCHES=1013/1013
GLOBAL_HEIGHT_SUITE=PASS
BOUNDED_HEIGHT_SEARCH=37296/37296_PASS

SOURCE_AND_METADATA
PYTHON_PARSE=39/39
JSON_PARSE=24/24
SHELL_SYNTAX=7/7
CFF_PARSE=PASS
CURRENT_DOI=10.5281/zenodo.22117162
COMPANION_DOI=10.5281/zenodo.22010546
NESTED_ZIPS_CRC_SAFE_PATHS=7/7
PRIVATE_FILESYSTEM_PATHS_ABSENT=PASS
BYTECODE_AND_BUILD_DETRITUS_ABSENT=PASS

PAYLOAD_FILES=237
MANIFEST_EXACT_MATCH=PASS
ROOT_CHECKSUM_VERIFICATION=PASS
ZIP_CRC=PASS
CLEAN_ROOM_CHECKSUM_VERIFICATION=PASS
CLEAN_ROOM_TEX_BYTE_IDENTICAL=PASS
CLEAN_ROOM_PDF_BYTE_IDENTICAL=PASS
CLEAN_ROOM_FAST_SUITE=PASS
CLEAN_ROOM_EXACT_SUITE=PASS
CLEAN_ROOM_GLOBAL_HEIGHT_SUITE=PASS
CLEAN_ROOM_BOUNDED_HEIGHT_SEARCH=PASS
M23_FINAL_PACKAGE_QA_PASS
