M23_QPAIR_GOODFRAME_V93_BEGIN
TRAINING_PRIME_COUNT = 15
UNION_SUPPORT_SIZE = 86
GOODFRAME_PIVOTS = 231 469
GOODFRAME_PIVOTS_INVERTIBLE_ALL_15 = true
CRT_MODULUS_DIGITS = 91
FULL_NONPIVOT_RECONSTRUCTED = 168
TRAINING_REDUCTION_CHECKS = 2580
GOODFRAME_ROWS_TO_H1_H2_EXACT_MATCH = true
LEAVE_ONE_OUT_DIAGNOSTIC = [(168, 168), (168, 168), (168, 168), (168, 168), (168, 168), (168, 168), (168, 168), (168, 168), (168, 168), (168, 168), (168, 168), (168, 168), (168, 168), (168, 168), (168, 168)]
NOTE = full 168-entry lift uses all 15 primes; exact acceptance is supplied by the characteristic-zero global identity certificate
M23_QPAIR_GOODFRAME_V93_PASS
L1: 484 slots = 253 even + 231 odd: PASS
L2: forbidden odd triangle {k odd, j>=16}: 15 slots, staircase (33,1)(35,2)(37,3)(39,4)(41,5): PASS  [pure lattice geometry]
L3: q-pair space 469 = 253 + 216; law r>=18-j allows 130: PASS
L4: seven-band law: 86 slots, counts (5,11,16,22|5,11,16), all within r>=18-j: PASS
M23_PATCH_CERT1_PASS
H1 A: deg_v = 21 <= 21, deg_t = 6 <= 6: PASS
H1 B: seven-band caps (4,10,15,21|4,10,15): PASS (max |coeff| = 49 digits)
H1 C: polynomial u-form, deg_t a_j = 42-2j exactly (top degrees [42,40,...,0]): PASS
H1 D: all 15 forbidden odd-triangle slots vanish; 463/484 nonzero (6 incidental zeros beyond the triangle): PASS
H2 A: deg_v = 21 <= 21, deg_t = 6 <= 6: PASS
H2 B: seven-band caps (4,10,15,21|4,10,15): PASS (max |coeff| = 48 digits)
H2 C: polynomial u-form, deg_t a_j = 42-2j exactly (top degrees [42,40,...,0]): PASS
H2 D: all 15 forbidden odd-triangle slots vanish; 469/484 nonzero (0 incidental zeros beyond the triangle): PASS
M23_PATCH_CERT2_PASS
V1: ceil((397-19j)/23) = certified band minimum r_min(j) for all j = 0..21 (caps 4, 10, 15, 21 reproduced): PASS
V2: for j >= 16, minimal digit 21-j exceeds the top odd digit 20-j: forbidden odd triangle forced: PASS
V3: exact adjoints satisfy ord_q(a_j) >= ceil((397-19j)/23) for all j, with equality attained: PASS
M23_BAND_LAW_NUMERIC_PASS
R1: exact basis (leading slots [19, 19]) RREFs over Q with pivot columns exactly [19, 20]: PASS
R2: row nonzeros 85/85, union 86, common zeros 383: PASS (matches recorded)
R3: full support inside the seven bands (r >= 18-j): PASS
R4: all 24 recorded ROW1 fingerprint values match the exact reduction at p=100207139: PASS
M23_PATCH_CERT3_PASS
h degrees [[8, 6, 4, 2, 0], [8, 6, 4, 2, 0]]
M23_TETRAGONAL_EXACT_KERNEL_V92_BEGIN
EXACT_SPECIALIZATION_T_0_ZERO = True
EXACT_SPECIALIZATION_T_1_ZERO = True
EXACT_SPECIALIZATION_T_2_ZERO = True
EXACT_SPECIALIZATION_T_3_ZERO = True
EXACT_SPECIALIZATION_T_4_ZERO = True
EXACT_SPECIALIZATION_T_5_ZERO = True
CONSTRAINT_ROWS = 138
CONSTRAINT_COLS = 120
RANK_MOD_1000003 = 119
KERNEL_DIMENSION_OVER_Q = 1
EXACT_BIDEGREE_T = 4
EXACT_BIDEGREE_W = 23
M23_TETRAGONAL_EXACT_KERNEL_V92_PASS
M23_TETRAGONAL_GLOBAL_IDENTITY_METADATA_V93_BEGIN
G_MONIC_U_DEGREE = 23
G_MAX_WEIGHT = 46
H1_H2_MAX_WEIGHTS = [42, 42]
HOMOGENIZED_WEIGHT_BOUND = 970
R_TERM_COUNT = 120
R_COEFFICIENT_GCD = 1
R_DEG_T = 4
R_DEG_Z = 23
NONPROPORTIONAL_MINOR_DEG_0_1 = 3277392093507069843051065272834654795355973015163289221304956787527110522884455020425348382720
M23_TETRAGONAL_GLOBAL_IDENTITY_METADATA_V93_PASS
M23_EXACT_FRAME_TRANSITION_V94_BEGIN
B23_DIVISIBLE_BY_Q = true
GOODFRAME_FIRST_JET_RANK = 2
TRANSITION_MATRIX_PRIMITIVE = 9718693045169819066743297673119834593216940257793791469450716674784281955364438129650853737742920699321709602869946773855648462960671465803746362291 -25607140774189876405011391164460402180010842849857578359577201920481910333070041823933541055695259371502159329254283014074287086838246924062024439177 23380786748882483713100677944737745665112461310228515182066820286347571647601154649357173814190455036747456088825342453561796405215705126133540317815 118541105788627344372465383401963348420558929785051465395703781692834568129664923919806407188391867342746663258644336405504686522926958463000828766955
TRANSITION_MATRIX_DIGITS = 148 149 149 150
TRANSITION_DETERMINANT_NONZERO = true
W_EQUALS = (A*Z+B)/(C*Z+D)
FULL_TABLE_PRIME_COUNT = 22
FULL_TABLE_PRIMES = [31, 1000003, 1008001, 1022201, 1028201, 1035301, 1043401, 1055501, 1074701, 1117111, 1123211, 1126211, 1160611, 100050001, 100161001, 1183811, 1193911, 1163611, 100202057, 100207139, 100208161, 1013]
FULL_120_COEFFICIENT_PROJECTIVE_MATCH_ALL = true
EXACT_SYMMETRIC_TERM_COUNT = 120
EXACT_SYMMETRIC_MAX_COEFFICIENT_DIGITS = 3292
EXACT_SYMMETRIC_TABLE_SHA256 = da9a09c0b11d2c9ec8769f7f8e0fed919efce9ce585dda7ead1a675326ac5742
INCLUDES_HELDOUT_1013 = true
INCLUDES_PRIME_100208161 = true
M23_EXACT_FRAME_TRANSITION_V94_PASS
unique Mobius mod 1013: (a,b,c,d) = (546, 938, 283, 1); coefficientwise projective match with ratio 732: PASS
M23_PATCH_CERT6_PASS
M23_TETRAGONAL_FAST_SUITE_V99_PASS
