M23_P31_SCHEME_CLOSURE_V101_BEGIN

===== explicit smooth-model arithmetic/source inputs =====
G1: t^2+23 has simple roots +/-15 mod 31; Hensel sections split: PASS
G2: branch sections 0,+s,-s have pairwise unit differences: PASS
G3: p=31 is prime to |M23| and to tame indices 2,23: PASS
G4: Bezout relative-parameter exponent 17*19-14*23=1: PASS
G5: p=31 Magma source is bound to monic degree-23 model, q-valuation 23, u-valuation 19, canonical dimension 4, and rank-2 twisted space: PASS
G6: integral model contains all coefficient polynomials b[2]..b[23]: PASS
G7: G(t=7,U) is irreducible and separable of degree 23 over F_31: PASS
G7B: static JSON certificate and bound Magma-source SHA256 agree: PASS
G8: by monicity + Gauss specialization, G is irreducible/separable over F_31(t): PASS
G9: reduced first-jet determinant = 28 in F_31^x: PASS
INDEPENDENT PUBLISHED CHECK: HJLPPZ Proposition 3.5 certifies arithmetic monodromy M23 and tameness at p=31.
THEOREM INPUTS: purity of branch locus (Stacks Tag 0BMB) and tame Abhyankar local form (Stacks Tag 0EYG).
M23_P31_GOOD_REDUCTION_INPUTS_PASS

===== specialization-unit and retained-prime hypotheses =====
U4: input model G monic in u, 22 coefficient polynomials b_j in Z[t] with 198 integer coefficients (p-integral for every p): PASS
p=31: split=True, disc(-92) unit=True, tame(23)=True: PASS
p=1013: split=True, disc(-92) unit=True, tame(23)=True: PASS
p=1000003: split=True, disc(-92) unit=True, tame(23)=True: PASS
p=1008001: split=True, disc(-92) unit=True, tame(23)=True: PASS
p=1022201: split=True, disc(-92) unit=True, tame(23)=True: PASS
p=1028201: split=True, disc(-92) unit=True, tame(23)=True: PASS
p=1035301: split=True, disc(-92) unit=True, tame(23)=True: PASS
p=1043401: split=True, disc(-92) unit=True, tame(23)=True: PASS
p=1055501: split=True, disc(-92) unit=True, tame(23)=True: PASS
p=1074701: split=True, disc(-92) unit=True, tame(23)=True: PASS
p=1117111: split=True, disc(-92) unit=True, tame(23)=True: PASS
p=1123211: split=True, disc(-92) unit=True, tame(23)=True: PASS
p=1126211: split=True, disc(-92) unit=True, tame(23)=True: PASS
p=1160611: split=True, disc(-92) unit=True, tame(23)=True: PASS
p=1163611: split=True, disc(-92) unit=True, tame(23)=True: PASS
p=1183811: split=True, disc(-92) unit=True, tame(23)=True: PASS
p=1193911: split=True, disc(-92) unit=True, tame(23)=True: PASS
p=100050001: split=True, disc(-92) unit=True, tame(23)=True: PASS
p=100161001: split=True, disc(-92) unit=True, tame(23)=True: PASS
p=100202057: split=True, disc(-92) unit=True, tame(23)=True: PASS
p=100207139: split=True, disc(-92) unit=True, tame(23)=True: PASS
p=100208161: split=True, disc(-92) unit=True, tame(23)=True: PASS
U5: p=31 first-jet det = 28 in F_31^x (recomputed): PASS
U5: p=1013 kernel-first jet det = 121 in F_1013^x (recomputed): PASS
All checkable hypotheses of the Specialization Lemma hold at p=31, p=1013, and all 21 training primes.
M23_SPECIALIZATION_UNITS_VERIFY_PASS

M23_P31_SCHEME_CLOSURE_V101_PASS
