ARTICLE_ONLY_TEX_PDF=PASS ['M23_exact_tetragonal_coordinates.pdf', 'M23_exact_tetragonal_coordinates.tex']
SHELL_SYNTAX_RUN_ALL_CERTIFICATES.sh=PASS
SHELL_SYNTAX_RUN_BOUNDED_HEIGHT_SEARCH.sh=PASS
SHELL_SYNTAX_RUN_EXACT_TETRAGONAL.sh=PASS
SHELL_SYNTAX_RUN_FAST_CERTIFICATES.sh=PASS
SHELL_SYNTAX_VERIFY_CHECKSUMS.sh=PASS
PYTHON_PARSE_ALL=PASS files=25
JSON_PARSE_ALL=PASS files=15
CITATION_CFF_PARSE=PASS
MANUSCRIPT_PATH_POINTERS=PASS count=19
NO_DRAFT_EDIT_MARKERS=PASS
NO_CONGRATULATIONS=PASS
ACKNOWLEDGMENT_REQUEST=PASS
NO_FANCY_RUNNING_HEADER=PASS
P31_SCHEME_CLOSURE_LOG=PASS
BASELINE_EXACT_COMPONENT_EXECUTION_V100.log=PASS
BASELINE_FAST_CERTIFICATE_SUITE_V100.log=PASS
PDF_PAGE_COUNT=PASS pages=17
LATEX_CURRENT_BUILD=PASS 2-pass pdflatex; no Warning/Overfull/Underfull/Undefined/Error in second pass
PDF_RENDER_VISUAL_QA=PASS 17 pages rendered at 150 dpi and visually inspected
CHECKSUM_VERIFICATION=DEFERRED_TO_VERIFY_CHECKSUMS_SH_AFTER_MANIFEST_REBUILD
PACKAGE_QA_V101_PREHASH_PASS
