M23_EXACT_TETRAGONAL_SUITE_V100_BEGIN

===== 971-point exact characteristic-zero identity =====
PASS_RANGE -485 -364 COUNT 121 ELAPSED 9.04
PASS_RANGE -364 -243 COUNT 121 ELAPSED 8.1
PASS_RANGE -243 -122 COUNT 121 ELAPSED 29.06
PASS_RANGE -122 -1 COUNT 121 ELAPSED 5.86
PASS_RANGE -1 120 COUNT 121 ELAPSED 5.72
PASS_RANGE 120 242 COUNT 122 ELAPSED 8.32
PASS_RANGE 242 364 COUNT 122 ELAPSED 9.59
PASS_RANGE 364 486 COUNT 122 ELAPSED 8.46
M23_TETRAGONAL_GLOBAL_IDENTITY_METADATA_V93_BEGIN
G_MONIC_U_DEGREE = 23
G_MAX_WEIGHT = 46
H1_H2_MAX_WEIGHTS = [42, 42]
HOMOGENIZED_WEIGHT_BOUND = 970
R_TERM_COUNT = 120
R_COEFFICIENT_GCD = 1
R_DEG_T = 4
R_DEG_Z = 23
NONPROPORTIONAL_MINOR_DEG_0_1 = 3277392093507069843051065272834654795355973015163289221304956787527110522884455020425348382720
M23_TETRAGONAL_GLOBAL_IDENTITY_METADATA_V93_PASS
EXACT_ZERO_COUNT = 971
GLOBAL_REMAINDER_IDENTICALLY_ZERO = true
M23_TETRAGONAL_GLOBAL_IDENTITY_V93_PASS

===== exhaustive compactified p=1013 fiber comparison =====
F3: exact vector: 120 terms, gcd 1, bidegrees (T:4, W:23), max |coeff| = 189 digits: PASS
F1: direct projective comparison fails across frames (expected; symmetric vs good frame differ by constant GL2): RECORDED
F2: compactified fiber factorization types agree at all 1013/1013 values of t over F_1013: PASS
    (2 fibers meet W=infinity in one frame: [562, 782]; restored as rational points at infinity)
M23_PATCH_CERT5_PASS

M23_EXACT_TETRAGONAL_SUITE_V100_PASS
EXACT_SUITE_ELAPSED=2:10.28 MAXRSS=148688KB EXIT=0
