M23_PACKAGE_QA_V100_BEGIN
DATE_UTC=2026-08-26
RELEASE=v100-2026-08-26

ARTICLE_TEX_LINES=788
ARTICLE_PDF_BYTES=394550
ARTICLE_DIRECTORY_FILES=2
ARTICLE_DIRECTORY_CLEAN=PASS
ARTICLE_PDF_PAGES=15
ARTICLE_PDF_ENCRYPTED=no
LATEX_ERRORS=0
LATEX_WARNINGS=0
LATEX_OVERFULL_BOXES=0
LATEX_UNDERFULL_BOXES=0
LATEX_UNDEFINED_REFERENCES=0
PYTHON_AST_PARSE=PASS
JSON_PARSE=PASS
CITATION_CFF_YAML_PARSE=PASS
SHELL_SYNTAX=PASS
MANUSCRIPT_PATH_POINTERS=15_PASS
NO_PYC_OR_PYCACHE=PASS
NO_LATEX_BUILD_ARTIFACTS=PASS
NO_OS_OR_EDITOR_ARTIFACTS=PASS
CURRENT_FACING_EDITOR_MARKERS=0
CONGRATULATIONS_REMOVED=PASS
THIRD_PARTY_PDF_REMOVED=PASS
SUBTITLE_PRESENT=PASS
ACKNOWLEDGMENT_WORDING=PASS
PDF_RENDERED_PAGES=15
PDF_PAGE_BY_PAGE_VISUAL_QA=PASS
PDF_FOOTER_PAGE_NUMBER_ONLY=PASS
PDF_RUNNING_HEADER_REMOVED=PASS
SUBTITLE_ONE_LINE=PASS
FAST_SUITE_MARKER=M23_TETRAGONAL_FAST_SUITE_V100_PASS
FAST_SUITE_EXIT=0
FAST_SUITE_NO_TRACEBACK=PASS
FAST_FRAME_P1013=PASS
FAST_RAMIFICATION=PASS
FAST_HEIGHT_SEARCH=PASS
EXACT_SUITE_MARKER=M23_EXACT_TETRAGONAL_SUITE_V100_PASS
EXACT_SUITE_EXIT=0
EXACT_REMAINDER_EVALUATIONS=971_PASS
EXACT_REMAINDER_DEGREE_BOUND=970_PASS
HELDOUT_COMPACTIFIED_FIBERS=1013_OF_1013_PASS
FRAME_TRANSITION_RETAINED_PRIMES=22_OF_22_PASS
PYTHON_CERTIFICATE_FILES=24
JSON_FILES=14
SHELL_SCRIPT_FILES=5
FAST_SUITE_ELAPSED=1:20.28 MAXRSS=151248KB EXIT=0
EXACT_SUITE_ELAPSED=2:10.28 MAXRSS=148688KB EXIT=0
PACKAGE_PAYLOAD_FILES_BEFORE_MANIFEST=165
M23_PACKAGE_QA_V100_PASS
