M23_TETRAGONAL_GLOBAL_IDENTITY_V93_BEGIN
WEIGHTED_DEGREE_BOUND = 970

Fresh packaged-script execution in eight exact chunks on 2026-08-26:
PASS_RANGE -485 -364 COUNT 121 ELAPSED 16.79
PASS_RANGE -364 -243 COUNT 121 ELAPSED 16.01
PASS_RANGE -243 -122 COUNT 121 ELAPSED 15.03
PASS_RANGE -122 -1 COUNT 121 ELAPSED 10.85
PASS_RANGE -1 120 COUNT 121 ELAPSED 8.72
PASS_RANGE 120 242 COUNT 122 ELAPSED 12.06
PASS_RANGE 242 364 COUNT 122 ELAPSED 13.09
PASS_RANGE 364 486 COUNT 122 ELAPSED 13.84

The eight half-open ranges partition the 971 distinct integers -485,...,485.
EXACT_ZERO_COUNT = 971
GLOBAL_REMAINDER_IDENTICALLY_ZERO = true

M23_TETRAGONAL_GLOBAL_IDENTITY_METADATA_V93_BEGIN
G_MONIC_U_DEGREE = 23
G_MAX_WEIGHT = 46
H1_H2_MAX_WEIGHTS = [42, 42]
HOMOGENIZED_WEIGHT_BOUND = 970
R_TERM_COUNT = 120
R_COEFFICIENT_GCD = 1
R_DEG_T = 4
R_DEG_Z = 23
NONPROPORTIONAL_MINOR_DEG_0_1 = 3277392093507069843051065272834654795355973015163289221304956787527110522884455020425348382720
M23_TETRAGONAL_GLOBAL_IDENTITY_METADATA_V93_PASS
M23_TETRAGONAL_GLOBAL_IDENTITY_V93_PASS
